..................................................................       [100%]
66 passed in 0.48s
